register commands/token_count
[[0,0.0,0.0],true]
table_create Entries TABLE_NO_KEY
[[0,0.0,0.0],true]
column_create Entries body COLUMN_SCALAR ShortText
[[0,0.0,0.0],true]
table_create Terms TABLE_PAT_KEY ShortText --default_tokenizer TokenBigram --normalizer NormalizerAuto
[[0,0.0,0.0],true]
column_create Terms document_index COLUMN_INDEX|WITH_POSITION Entries body
[[0,0.0,0.0],true]
load --table Entries
[
{"body": "今日は雨。今日は調子がgood。今日は雨"},
{"body": "今日は雨。今日は調子がbad"}
]
[[0,0.0,0.0],2]
token_count Terms document_index --token_size -1 --sortby _key --use_ctx_output 1
[
  [
    0,
    0.0,
    0.0
  ],
  [
    [
      29,
      11
    ],
    [
      "bad",
      1
    ],
    [
      "good",
      1
    ],
    [
      "。",
      3
    ],
    [
      "が",
      2
    ],
    [
      "は調",
      2
    ],
    [
      "は雨",
      3
    ],
    [
      "今日",
      5
    ],
    [
      "子が",
      2
    ],
    [
      "日は",
      5
    ],
    [
      "調子",
      2
    ],
    [
      "雨",
      3
    ]
  ]
]
